============================= test session starts =============================
platform win32 -- Python 3.13.0, pytest-8.4.0, pluggy-1.6.0
rootdir: C:\Users\ratal\OneDrive\Desktop\gem
collected 0 items / 1 error

=================================== ERRORS ====================================
____________________ ERROR collecting tests/test_doctor.py ____________________
ImportError while importing test module 'C:\Users\ratal\OneDrive\Desktop\gem\tests\test_doctor.py'.
Hint: make sure your test modules/packages have valid Python names.
Traceback:
..\..\..\AppData\Local\Programs\Python\Python313\Lib\importlib\__init__.py:88: in import_module
    return _bootstrap._gcd_import(name[level:], package, level)
           ^^^^^^^^^^^^^^^^^^^^^^^^^^^^^^^^^^^^^^^^^^^^^^^^^^^^
tests\test_doctor.py:2: in <module>
    from app.models.database import init_db, SessionLocal
E   ModuleNotFoundError: No module named 'app'
=========================== short test summary info ===========================
ERROR tests/test_doctor.py
!!!!!!!!!!!!!!!!!!!!!!!!!! stopping after 1 failures !!!!!!!!!!!!!!!!!!!!!!!!!!
============================== 1 error in 0.53s ===============================
